chủ âm
chủ bài
chủ biên
chủ bút
chủ chiến
chủ chốt
chủ chứa
chủ công
chủ đạo
chủ đề
chủ đề
chủ đích
chủ điểm
chủ điền
chủ định
chủ động
chủ hoà
chủ hộ
chủ hôn
chủ khảo
chủ kho
chủ kiến
chủ lực
chủ lực quân
chủ mưu
chủ não
chủ nghĩa anh hùng
chủ nghĩa apacthai
chủ nghĩa ấn tượng
chủ nghĩa bá quyền
chủ nghĩa bành trướng
chủ nghĩa biệt phái
chủ nghĩa biểu hiện
chủ nghĩa bình quân
chủ nghĩa bonsevich
chủ nghĩa bôn sê vích
chủ nghĩa cá nhân
chủ nghĩa cải lương
chủ nghĩa cấp tiến
chủ nghĩa cấu trúc
chủ nghĩa chủ quan
chủ nghĩa chủng tộc
chủ nghĩa cổ điển
chủ nghĩa công đoàn
chủ nghĩa công đoàn vô chính phủ
chủ nghĩa cộng sản
chủ nghĩa cộng sản khoa học
chủ nghĩa cộng sản trại lính
chủ nghĩa cơ hội
chủ nghĩa cơ hội hữu khuynh
chủ nghĩa cơ hội tả khuynh
chủ nghĩa dada
chủ nghĩa dân tộc
chủ nghĩa dân tuý
chủ nghĩa duy cảm
chủ nghĩa duy lí
chủ nghĩa duy linh
chủ nghĩa duy lý
chủ nghĩa duy mĩ
chủ nghĩa duy mỹ
chủ nghĩa duy tâm
chủ nghĩa duy tâm chủ quan
chủ nghĩa duy tâm khách quan
chủ nghĩa duy vật
chủ nghĩa duy vật biện chứng
chủ nghĩa duy vật lịch sử
chủ nghĩa duy vật máy móc
chủ nghĩa duy ý chí
chủ nghĩa đađa
chủ nghĩa đế quốc
chủ nghĩa fatxit
chủ nghĩa giáo điều
chủ nghĩa hành vi
chủ nghĩa hiện đại
chủ nghĩa hiện sinh
chủ nghĩa hiện thực
chủ nghĩa hiện thực phê phán
chủ nghĩa hiện tượng
chủ nghĩa hình thức
chủ nghĩa hoài nghi
chủ nghĩa hư vô
chủ nghĩa khách quan
chủ nghĩa khắc kỉ
chủ nghĩa khắc kỷ
chủ nghĩa kinh nghiệm
chủ nghĩa kinh viện
chủ nghĩa lãng mạn
chủ nghĩa lập thể
chủ nghĩa Lenin
chủ nghĩa Lê-nin
chủ nghĩa Mác
chủ nghĩa Mác - Lê-nin
chủ nghĩa Mác-Lê-nin
chủ nghĩa Marx
chủ nghĩa Marx-Lenin
chủ nghĩa nhân bản
chủ nghĩa nhân đạo
chủ nghĩa nhân văn
chủ nghĩa nhân vị
chủ nghĩa phát xít
chủ nghĩa quan liêu
chủ nghĩa quân phiệt
chủ nghĩa quốc gia
chủ nghĩa quốc tế
chủ nghĩa quốc xã
chủ nghĩa siêu thực
chủ nghĩa sinh tồn
chủ nghĩa Sion
chủ nghĩa sôvanh
chủ nghĩa sôvanh nước lớn
chủ nghĩa tả chân
chủ nghĩa tam dân
chủ nghĩa thần bí
chủ nghĩa thế giới
chủ nghĩa thuần tuý
chủ nghĩa thực chứng
chủ nghĩa thực chứng mới
chủ nghĩa thực dân
chủ nghĩa thực dân mới
chủ nghĩa thực dụng
chủ nghĩa tình cảm
chủ nghĩa trực giác
chủ nghĩa tư bản
chủ nghĩa tự do
chủ nghĩa tự nhiên
chủ nghĩa tương đối
chủ nghĩa tượng trưng
chủ nghĩa vị kỉ
chủ nghĩa vị kỷ
chủ nghĩa vị lai
chủ nghĩa vị lợi
chủ nghĩa vị tha
chủ nghĩa vô chính phủ
chủ nghĩa xã hội
chủ nghĩa xã hội dân chủ
chủ nghĩa xã hội khoa học
chủ nghĩa xã hội không tưởng
chủ nghĩa xét lại
chủ nghĩa yêu nước
chủ ngữ
chủ nhân
chủ nhân ông
chủ nhật
chủ nhiệm
chủ nô
chủ nợ
chủ quan
chủ quản
chủ quyền
chủ soái
chủ sở hữu
chủ suý
chủ sự
chủ tài khoản
chủ tâm
chủ tế
chủ thầu
chủ thể
chủ tịch
chủ tịch đoàn
chủ toạ
chủ trì
chủ trị
chủ trương
chủ từ
chủ tướng
chủ xướng
chủ ý
chủ yếu

